[debug] [2026-09-17T07:03:22.165Z] ----------------------------------------------------------------------
[debug] [2026-09-17T07:03:22.167Z] Command:       C:\Program Files\nodejs\node.exe C:\Users\kolah\AppData\Roaming\npm\node_modules\firebase-tools\lib\bin\firebase.js init
[debug] [2026-09-17T07:03:22.168Z] CLI Version:   14.26.0
[debug] [2026-09-17T07:03:22.168Z] Platform:      win32
[debug] [2026-09-17T07:03:22.168Z] Node Version:  v25.2.1
[debug] [2026-09-17T07:03:22.168Z] Time:          Thu Sep 17 2026 12:33:22 GMT+0530 (India Standard Time)
[debug] [2026-09-17T07:03:22.168Z] ----------------------------------------------------------------------
[debug] 
[info] 
     ######## #### ########  ######## ########     ###     ######  ########
     ##        ##  ##     ## ##       ##     ##  ##   ##  ##       ##
     ######    ##  ########  ######   ########  #########  ######  ######
     ##        ##  ##    ##  ##       ##     ## ##     ##       ## ##
     ##       #### ##     ## ######## ########  ##     ##  ######  ########

You're about to initialize a Firebase project in this directory:

  C:\Users\kolah\Downloads\sample landing page

[info] 
=== Project Setup
[info] 
[info] First, let's associate this project directory with a Firebase project.
[info] You can create multiple project aliases by running firebase use --add, 
[info] 
[info] i  If you want to create a project in a Google Cloud organization or folder, please use "firebase projects:create" instead, and return to this command when you've created the project. 
[debug] [2026-09-17T07:04:09.853Z] > command requires scopes: ["email","openid","https://www.googleapis.com/auth/cloudplatformprojects.readonly","https://www.googleapis.com/auth/firebase","https://www.googleapis.com/auth/cloud-platform"]
[debug] [2026-09-17T07:04:09.853Z] > authorizing via signed-in user (kolahariganesh.5@gmail.com)
